GAS LISTING C:\Users\Blommers\AppData\Local\Temp/ccP2IEYi.s 			page 1


   1               		.file	"main.c"
   2               		.arch atmega2561
   3               	__SREG__ = 0x3f
   4               	__SP_H__ = 0x3e
   5               	__SP_L__ = 0x3d
   6               	__tmp_reg__ = 0
   7               	__zero_reg__ = 1
   8               		.global __do_copy_data
   9               		.global __do_clear_bss
  10               		.text
  11               	.global	SysInitIO
  12               		.type	SysInitIO, @function
  13               	SysInitIO:
  14               	/* prologue: frame size=0 */
  15               	/* prologue end (size=0) */
  16 0000 87EF      		ldi r24,lo8(-9)
  17 0002 84B9      		out 36-0x20,r24
  18 0004 8CE0      		ldi r24,lo8(12)
  19 0006 8AB9      		out 42-0x20,r24
  20 0008 8BB1      		in r24,43-0x20
  21 000a 8C70      		andi r24,lo8(12)
  22 000c 836F      		ori r24,lo8(-13)
  23 000e 8BB9      		out 43-0x20,r24
  24 0010 8EE8      		ldi r24,lo8(-114)
  25 0012 8DB9      		out 45-0x20,r24
  26 0014 8EB1      		in r24,46-0x20
  27 0016 8E78      		andi r24,lo8(-114)
  28 0018 8160      		ori r24,lo8(1)
  29 001a 8EB9      		out 46-0x20,r24
  30 001c 85B7      		in r24,85-0x20
  31 001e 8068      		ori r24,lo8(-128)
  32 0020 85BF      		out 85-0x20,r24
  33 0022 85B7      		in r24,85-0x20
  34 0024 8068      		ori r24,lo8(-128)
  35 0026 85BF      		out 85-0x20,r24
  36 0028 8EE0      		ldi r24,lo8(14)
  37 002a 80BB      		out 48-0x20,r24
  38 002c 81B3      		in r24,49-0x20
  39 002e 8E70      		andi r24,lo8(14)
  40 0030 816F      		ori r24,lo8(-15)
  41 0032 81BB      		out 49-0x20,r24
  42 0034 88E1      		ldi r24,lo8(24)
  43 0036 83BB      		out 51-0x20,r24
  44               	/* epilogue: frame size=0 */
  45 0038 0895      		ret
  46               	/* epilogue end (size=1) */
  47               	/* function SysInitIO size 29 (28) */
  48               		.size	SysInitIO, .-SysInitIO
  49               		.data
  50               	.LC0:
  51 0000 4D61 696E 		.string	"MainA"
  51      4100 
  52               	.LC1:
  53 0006 4D61 696E 		.string	"MainB"
  53      4200 
  54               	.LC2:
  55 000c 3133 3A33 		.string	"13:35:15"
GAS LISTING C:\Users\Blommers\AppData\Local\Temp/ccP2IEYi.s 			page 2


  55      353A 3135 
  55      00
  56               		.text
  57               	.global	NutAppMain
  58               		.type	NutAppMain, @function
  59               	NutAppMain:
  60               	/* prologue: frame size=18 */
  61 003a 1F93      		push r17
  62 003c CF93      		push r28
  63 003e DF93      		push r29
  64 0040 CDB7      		in r28,__SP_L__
  65 0042 DEB7      		in r29,__SP_H__
  66 0044 6297      		sbiw r28,18
  67 0046 0FB6      		in __tmp_reg__,__SREG__
  68 0048 F894      		cli
  69 004a DEBF      		out __SP_H__,r29
  70 004c 0FBE      		out __SREG__,__tmp_reg__
  71 004e CDBF      		out __SP_L__,r28
  72               	/* prologue end (size=11) */
  73 0050 0E94 0000 		call WatchDogDisable
  74 0054 84E6      		ldi r24,lo8(100)
  75 0056 0E94 0000 		call NutDelay
  76 005a 0E94 0000 		call SysInitIO
  77 005e 0E94 0000 		call SPIinit
  78 0062 0E94 0000 		call Uart0DriverInit
  79 0066 0E94 0000 		call Uart0DriverStart
  80 006a 0E94 0000 		call LogInit
  81 006e 80E0      		ldi r24,lo8(__c.2565)
  82 0070 90E0      		ldi r25,hi8(__c.2565)
  83 0072 9F93      		push r25
  84 0074 8F93      		push r24
  85 0076 16EC      		ldi r17,lo8(-58)
  86 0078 1F93      		push r17
  87 007a 0E94 0000 		call LogMsg_P
  88 007e 0E94 0000 		call X12Init
  89 0082 CE01      		movw r24,r28
  90 0084 0196      		adiw r24,1
  91 0086 0E94 0000 		call X12RtcGetClock
  92 008a 0F90      		pop __tmp_reg__
  93 008c 0F90      		pop __tmp_reg__
  94 008e 0F90      	 	pop __tmp_reg__
  95 0090 892B      		or r24,r25
  96 0092 01F4      		brne .L4
  97 0094 8981      		ldd r24,Y+1
  98 0096 9A81      		ldd r25,Y+2
  99 0098 9F93      		push r25
 100 009a 8F93      		push r24
 101 009c 8B81      		ldd r24,Y+3
 102 009e 9C81      		ldd r25,Y+4
 103 00a0 9F93      		push r25
 104 00a2 8F93      		push r24
 105 00a4 8D81      		ldd r24,Y+5
 106 00a6 9E81      		ldd r25,Y+6
 107 00a8 9F93      		push r25
 108 00aa 8F93      		push r24
 109 00ac 80E0      		ldi r24,lo8(__c.2567)
 110 00ae 90E0      		ldi r25,hi8(__c.2567)
GAS LISTING C:\Users\Blommers\AppData\Local\Temp/ccP2IEYi.s 			page 3


 111 00b0 9F93      		push r25
 112 00b2 8F93      		push r24
 113 00b4 1F93      		push r17
 114 00b6 0E94 0000 		call LogMsg_P
 115 00ba 8DB7      		in r24,__SP_L__
 116 00bc 9EB7      		in r25,__SP_H__
 117 00be 0996      		adiw r24,9
 118 00c0 0FB6      		in __tmp_reg__,__SREG__
 119 00c2 F894      		cli
 120 00c4 9EBF      		out __SP_H__,r25
 121 00c6 0FBE      		out __SREG__,__tmp_reg__
 122 00c8 8DBF      		out __SP_L__,r24
 123               	.L4:
 124 00ca 0E94 0000 		call At45dbInit
 125 00ce 0E94 0000 		call CardInit
 126 00d2 0E94 0000 		call RcInit
 127 00d6 0E94 0000 		call KbInit
 128 00da 0E94 0000 		call LedInit
 129 00de 0E94 0000 		call LcdLowLevelInit
 130 00e2 40E0      		ldi r20,lo8(0)
 131 00e4 50E0      		ldi r21,hi8(0)
 132 00e6 60E0      		ldi r22,lo8(gs(SysMainBeatInterrupt))
 133 00e8 70E0      		ldi r23,hi8(gs(SysMainBeatInterrupt))
 134 00ea 80E0      		ldi r24,lo8(sig_OVERFLOW0)
 135 00ec 90E0      		ldi r25,hi8(sig_OVERFLOW0)
 136 00ee 0E94 0000 		call NutRegisterIrqHandler
 137 00f2 892B      		or r24,r25
 138 00f4 01F4      		brne .L6
 139 00f6 85B5      		in r24,69-0x20
 140 00f8 8460      		ori r24,lo8(4)
 141 00fa 85BD      		out 69-0x20,r24
 142 00fc A89A      		sbi 53-0x20,0
 143 00fe 8091 6E00 		lds r24,110
 144 0102 8160      		ori r24,lo8(1)
 145 0104 8093 6E00 		sts 110,r24
 146               	.L6:
 147 0108 81E0      		ldi r24,lo8(1)
 148 010a 0E94 0000 		call NutThreadSetPriority
 149 010e 20E0      		ldi r18,lo8(1024)
 150 0110 34E0      		ldi r19,hi8(1024)
 151 0112 40E0      		ldi r20,lo8(0)
 152 0114 50E0      		ldi r21,hi8(0)
 153 0116 60E0      		ldi r22,lo8(gs(ThreadA))
 154 0118 70E0      		ldi r23,hi8(gs(ThreadA))
 155 011a 80E0      		ldi r24,lo8(.LC0)
 156 011c 90E0      		ldi r25,hi8(.LC0)
 157 011e 0E94 0000 		call NutThreadCreate
 158 0122 20E0      		ldi r18,lo8(1024)
 159 0124 34E0      		ldi r19,hi8(1024)
 160 0126 40E0      		ldi r20,lo8(0)
 161 0128 50E0      		ldi r21,hi8(0)
 162 012a 60E0      		ldi r22,lo8(gs(ThreadB))
 163 012c 70E0      		ldi r23,hi8(gs(ThreadB))
 164 012e 80E0      		ldi r24,lo8(.LC1)
 165 0130 90E0      		ldi r25,hi8(.LC1)
 166 0132 0E94 0000 		call NutThreadCreate
 167               	/* #APP */
GAS LISTING C:\Users\Blommers\AppData\Local\Temp/ccP2IEYi.s 			page 4


 168 0136 7894      		sei
 169               	/* #NOAPP */
 170               	.L8:
 171 0138 64EF      		ldi r22,lo8(500)
 172 013a 71E0      		ldi r23,hi8(500)
 173 013c 80E0      		ldi r24,hlo8(500)
 174 013e 90E0      		ldi r25,hhi8(500)
 175 0140 0E94 0000 		call NutSleep
 176 0144 80E0      		ldi r24,lo8(.LC2)
 177 0146 90E0      		ldi r25,hi8(.LC2)
 178 0148 0E94 0000 		call LcdTimeDisplay
 179 014c 00C0      		rjmp .L8
 180               	/* epilogue: frame size=18 */
 181               	/* epilogue: noreturn */
 182               	/* epilogue end (size=0) */
 183               	/* function NutAppMain size 139 (128) */
 184               		.size	NutAppMain, .-NutAppMain
 185               		.type	SysMainBeatInterrupt, @function
 186               	SysMainBeatInterrupt:
 187               	/* prologue: frame size=0 */
 188               	/* prologue end (size=0) */
 189 014e 0E94 0000 		call KbScan
 190 0152 0E94 0000 		call CardCheckCard
 191               	/* epilogue: frame size=0 */
 192 0156 0895      		ret
 193               	/* epilogue end (size=1) */
 194               	/* function SysMainBeatInterrupt size 5 (4) */
 195               		.size	SysMainBeatInterrupt, .-SysMainBeatInterrupt
 196               	.global	ThreadB
 197               		.type	ThreadB, @function
 198               	ThreadB:
 199               	/* prologue: frame size=0 */
 200               	/* prologue end (size=0) */
 201               	.L14:
 202 0158 64EF      		ldi r22,lo8(500)
 203 015a 71E0      		ldi r23,hi8(500)
 204 015c 80E0      		ldi r24,hlo8(500)
 205 015e 90E0      		ldi r25,hhi8(500)
 206 0160 0E94 0000 		call NutSleep
 207 0164 83E0      		ldi r24,lo8(3)
 208 0166 0E94 0000 		call LedControl
 209 016a 00C0      		rjmp .L14
 210               	/* epilogue: frame size=0 */
 211               	/* epilogue: noreturn */
 212               	/* epilogue end (size=0) */
 213               	/* function ThreadB size 10 (10) */
 214               		.size	ThreadB, .-ThreadB
 215               	.global	ThreadA
 216               		.type	ThreadA, @function
 217               	ThreadA:
 218               	/* prologue: frame size=0 */
 219               	/* prologue end (size=0) */
 220               	.L18:
 221 016c 64EF      		ldi r22,lo8(500)
 222 016e 71E0      		ldi r23,hi8(500)
 223 0170 80E0      		ldi r24,hlo8(500)
 224 0172 90E0      		ldi r25,hhi8(500)
GAS LISTING C:\Users\Blommers\AppData\Local\Temp/ccP2IEYi.s 			page 5


 225 0174 0E94 0000 		call NutSleep
 226 0178 82E0      		ldi r24,lo8(2)
 227 017a 0E94 0000 		call LedControl
 228 017e 00C0      		rjmp .L18
 229               	/* epilogue: frame size=0 */
 230               	/* epilogue: noreturn */
 231               	/* epilogue end (size=0) */
 232               	/* function ThreadA size 10 (10) */
 233               		.size	ThreadA, .-ThreadA
 234               		.section	.progmem.data,"a",@progbits
 235               		.type	__c.2567, @object
 236               		.size	__c.2567, 26
 237               	__c.2567:
 238 0000 5254 4320 		.string	"RTC time [%02d:%02d:%02d]"
 238      7469 6D65 
 238      205B 2530 
 238      3264 3A25 
 238      3032 643A 
 239               		.type	__c.2565, @object
 240               		.size	__c.2565, 12
 241               	__c.2565:
 242 001a 4865 6C6C 		.string	"Hello World"
 242      6F20 576F 
 242      726C 6400 
 243               	/* File "source/main.c": code  193 = 0x00c1 ( 180), prologues  11, epilogues   2 */
GAS LISTING C:\Users\Blommers\AppData\Local\Temp/ccP2IEYi.s 			page 6


DEFINED SYMBOLS
                            *ABS*:00000000 main.c
C:\Users\Blommers\AppData\Local\Temp/ccP2IEYi.s:3      *ABS*:0000003f __SREG__
C:\Users\Blommers\AppData\Local\Temp/ccP2IEYi.s:4      *ABS*:0000003e __SP_H__
C:\Users\Blommers\AppData\Local\Temp/ccP2IEYi.s:5      *ABS*:0000003d __SP_L__
C:\Users\Blommers\AppData\Local\Temp/ccP2IEYi.s:6      *ABS*:00000000 __tmp_reg__
C:\Users\Blommers\AppData\Local\Temp/ccP2IEYi.s:7      *ABS*:00000001 __zero_reg__
C:\Users\Blommers\AppData\Local\Temp/ccP2IEYi.s:13     .text:00000000 SysInitIO
C:\Users\Blommers\AppData\Local\Temp/ccP2IEYi.s:59     .text:0000003a NutAppMain
C:\Users\Blommers\AppData\Local\Temp/ccP2IEYi.s:241    .progmem.data:0000001a __c.2565
C:\Users\Blommers\AppData\Local\Temp/ccP2IEYi.s:237    .progmem.data:00000000 __c.2567
C:\Users\Blommers\AppData\Local\Temp/ccP2IEYi.s:186    .text:0000014e SysMainBeatInterrupt
C:\Users\Blommers\AppData\Local\Temp/ccP2IEYi.s:217    .text:0000016c ThreadA
C:\Users\Blommers\AppData\Local\Temp/ccP2IEYi.s:198    .text:00000158 ThreadB

UNDEFINED SYMBOLS
__do_copy_data
__do_clear_bss
WatchDogDisable
NutDelay
SPIinit
Uart0DriverInit
Uart0DriverStart
LogInit
LogMsg_P
X12Init
X12RtcGetClock
At45dbInit
CardInit
RcInit
KbInit
LedInit
LcdLowLevelInit
sig_OVERFLOW0
NutRegisterIrqHandler
NutThreadSetPriority
NutThreadCreate
NutSleep
LcdTimeDisplay
KbScan
CardCheckCard
LedControl
