GAS LISTING C:\Users\Robin\AppData\Local\Temp/ccDdlN0Q.s 			page 1


   1               		.file	"main.c"
   2               		.arch atmega2561
   3               	__SREG__ = 0x3f
   4               	__SP_H__ = 0x3e
   5               	__SP_L__ = 0x3d
   6               	__tmp_reg__ = 0
   7               	__zero_reg__ = 1
   8               		.global __do_copy_data
   9               		.global __do_clear_bss
  10               		.text
  11               	.global	SysInitIO
  12               		.type	SysInitIO, @function
  13               	SysInitIO:
  14               	/* prologue: frame size=0 */
  15               	/* prologue end (size=0) */
  16 0000 87EF      		ldi r24,lo8(-9)
  17 0002 84B9      		out 36-0x20,r24
  18 0004 8CE0      		ldi r24,lo8(12)
  19 0006 8AB9      		out 42-0x20,r24
  20 0008 8BB1      		in r24,43-0x20
  21 000a 8C70      		andi r24,lo8(12)
  22 000c 836F      		ori r24,lo8(-13)
  23 000e 8BB9      		out 43-0x20,r24
  24 0010 8EE8      		ldi r24,lo8(-114)
  25 0012 8DB9      		out 45-0x20,r24
  26 0014 8EB1      		in r24,46-0x20
  27 0016 8E78      		andi r24,lo8(-114)
  28 0018 8160      		ori r24,lo8(1)
  29 001a 8EB9      		out 46-0x20,r24
  30 001c 85B7      		in r24,85-0x20
  31 001e 8068      		ori r24,lo8(-128)
  32 0020 85BF      		out 85-0x20,r24
  33 0022 85B7      		in r24,85-0x20
  34 0024 8068      		ori r24,lo8(-128)
  35 0026 85BF      		out 85-0x20,r24
  36 0028 8EE0      		ldi r24,lo8(14)
  37 002a 80BB      		out 48-0x20,r24
  38 002c 81B3      		in r24,49-0x20
  39 002e 8E70      		andi r24,lo8(14)
  40 0030 816F      		ori r24,lo8(-15)
  41 0032 81BB      		out 49-0x20,r24
  42 0034 88E1      		ldi r24,lo8(24)
  43 0036 83BB      		out 51-0x20,r24
  44               	/* epilogue: frame size=0 */
  45 0038 0895      		ret
  46               	/* epilogue end (size=1) */
  47               	/* function SysInitIO size 29 (28) */
  48               		.size	SysInitIO, .-SysInitIO
  49               	.global	NutAppMain
  50               		.type	NutAppMain, @function
  51               	NutAppMain:
  52               	/* prologue: frame size=18 */
  53 003a 1F93      		push r17
  54 003c CF93      		push r28
  55 003e DF93      		push r29
  56 0040 CDB7      		in r28,__SP_L__
  57 0042 DEB7      		in r29,__SP_H__
GAS LISTING C:\Users\Robin\AppData\Local\Temp/ccDdlN0Q.s 			page 2


  58 0044 6297      		sbiw r28,18
  59 0046 0FB6      		in __tmp_reg__,__SREG__
  60 0048 F894      		cli
  61 004a DEBF      		out __SP_H__,r29
  62 004c 0FBE      		out __SREG__,__tmp_reg__
  63 004e CDBF      		out __SP_L__,r28
  64               	/* prologue end (size=11) */
  65 0050 0E94 0000 		call WatchDogDisable
  66 0054 84E6      		ldi r24,lo8(100)
  67 0056 0E94 0000 		call NutDelay
  68 005a 0E94 0000 		call SysInitIO
  69 005e 0E94 0000 		call SPIinit
  70 0062 0E94 0000 		call LedInit
  71 0066 0E94 0000 		call LcdLowLevelInit
  72 006a 0E94 0000 		call Uart0DriverInit
  73 006e 0E94 0000 		call Uart0DriverStart
  74 0072 0E94 0000 		call LogInit
  75 0076 80E0      		ldi r24,lo8(__c.2551)
  76 0078 90E0      		ldi r25,hi8(__c.2551)
  77 007a 9F93      		push r25
  78 007c 8F93      		push r24
  79 007e 16EC      		ldi r17,lo8(-58)
  80 0080 1F93      		push r17
  81 0082 0E94 0000 		call LogMsg_P
  82 0086 0E94 0000 		call CardInit
  83 008a 0E94 0000 		call X12Init
  84 008e CE01      		movw r24,r28
  85 0090 0196      		adiw r24,1
  86 0092 0E94 0000 		call X12RtcGetClock
  87 0096 0F90      		pop __tmp_reg__
  88 0098 0F90      		pop __tmp_reg__
  89 009a 0F90      	 	pop __tmp_reg__
  90 009c 892B      		or r24,r25
  91 009e 01F4      		brne .L4
  92 00a0 8981      		ldd r24,Y+1
  93 00a2 9A81      		ldd r25,Y+2
  94 00a4 9F93      		push r25
  95 00a6 8F93      		push r24
  96 00a8 8B81      		ldd r24,Y+3
  97 00aa 9C81      		ldd r25,Y+4
  98 00ac 9F93      		push r25
  99 00ae 8F93      		push r24
 100 00b0 8D81      		ldd r24,Y+5
 101 00b2 9E81      		ldd r25,Y+6
 102 00b4 9F93      		push r25
 103 00b6 8F93      		push r24
 104 00b8 80E0      		ldi r24,lo8(__c.2553)
 105 00ba 90E0      		ldi r25,hi8(__c.2553)
 106 00bc 9F93      		push r25
 107 00be 8F93      		push r24
 108 00c0 1F93      		push r17
 109 00c2 0E94 0000 		call LogMsg_P
 110 00c6 8DB7      		in r24,__SP_L__
 111 00c8 9EB7      		in r25,__SP_H__
 112 00ca 0996      		adiw r24,9
 113 00cc 0FB6      		in __tmp_reg__,__SREG__
 114 00ce F894      		cli
GAS LISTING C:\Users\Robin\AppData\Local\Temp/ccDdlN0Q.s 			page 3


 115 00d0 9EBF      		out __SP_H__,r25
 116 00d2 0FBE      		out __SREG__,__tmp_reg__
 117 00d4 8DBF      		out __SP_L__,r24
 118               	.L4:
 119 00d6 0E94 0000 		call At45dbInit
 120 00da 0E94 0000 		call RcInit
 121 00de 0E94 0000 		call KbInit
 122 00e2 40E0      		ldi r20,lo8(0)
 123 00e4 50E0      		ldi r21,hi8(0)
 124 00e6 60E0      		ldi r22,lo8(gs(SysMainBeatInterrupt))
 125 00e8 70E0      		ldi r23,hi8(gs(SysMainBeatInterrupt))
 126 00ea 80E0      		ldi r24,lo8(sig_OVERFLOW0)
 127 00ec 90E0      		ldi r25,hi8(sig_OVERFLOW0)
 128 00ee 0E94 0000 		call NutRegisterIrqHandler
 129 00f2 892B      		or r24,r25
 130 00f4 01F4      		brne .L6
 131 00f6 85B5      		in r24,69-0x20
 132 00f8 8460      		ori r24,lo8(4)
 133 00fa 85BD      		out 69-0x20,r24
 134 00fc A89A      		sbi 53-0x20,0
 135 00fe 8091 6E00 		lds r24,110
 136 0102 8160      		ori r24,lo8(1)
 137 0104 8093 6E00 		sts 110,r24
 138               	.L6:
 139 0108 81E0      		ldi r24,lo8(1)
 140 010a 0E94 0000 		call NutThreadSetPriority
 141               	/* #APP */
 142 010e 7894      		sei
 143               	/* #NOAPP */
 144               	.L8:
 145 0110 64E6      		ldi r22,lo8(100)
 146 0112 70E0      		ldi r23,hi8(100)
 147 0114 80E0      		ldi r24,hlo8(100)
 148 0116 90E0      		ldi r25,hhi8(100)
 149 0118 0E94 0000 		call NutSleep
 150 011c 0E94 0000 		call KbGetKey
 151 0120 8F3F      		cpi r24,lo8(-1)
 152 0122 01F0      		breq .L9
 153 0124 81E0      		ldi r24,lo8(1)
 154 0126 00C0      		rjmp .L13
 155               	.L9:
 156 0128 80E0      		ldi r24,lo8(0)
 157               	.L13:
 158 012a 0E94 0000 		call LcdBackLight
 159 012e 0E94 0000 		call WatchDogRestart
 160 0132 00C0      		rjmp .L8
 161               	/* epilogue: frame size=18 */
 162               	/* epilogue: noreturn */
 163               	/* epilogue end (size=0) */
 164               	/* function NutAppMain size 126 (115) */
 165               		.size	NutAppMain, .-NutAppMain
 166               		.type	SysMainBeatInterrupt, @function
 167               	SysMainBeatInterrupt:
 168               	/* prologue: frame size=0 */
 169               	/* prologue end (size=0) */
 170 0134 0E94 0000 		call KbScan
 171 0138 0E94 0000 		call CardCheckCard
GAS LISTING C:\Users\Robin\AppData\Local\Temp/ccDdlN0Q.s 			page 4


 172               	/* epilogue: frame size=0 */
 173 013c 0895      		ret
 174               	/* epilogue end (size=1) */
 175               	/* function SysMainBeatInterrupt size 5 (4) */
 176               		.size	SysMainBeatInterrupt, .-SysMainBeatInterrupt
 177               		.section	.progmem.data,"a",@progbits
 178               		.type	__c.2553, @object
 179               		.size	__c.2553, 26
 180               	__c.2553:
 181 0000 5254 4320 		.string	"RTC time [%02d:%02d:%02d]"
 181      7469 6D65 
 181      205B 2530 
 181      3264 3A25 
 181      3032 643A 
 182               		.type	__c.2551, @object
 183               		.size	__c.2551, 12
 184               	__c.2551:
 185 001a 4865 6C6C 		.string	"Hello World"
 185      6F20 576F 
 185      726C 6400 
 186               	/* File "source/main.c": code  160 = 0x00a0 ( 147), prologues  11, epilogues   2 */
GAS LISTING C:\Users\Robin\AppData\Local\Temp/ccDdlN0Q.s 			page 5


DEFINED SYMBOLS
                            *ABS*:00000000 main.c
C:\Users\Robin\AppData\Local\Temp/ccDdlN0Q.s:3      *ABS*:0000003f __SREG__
C:\Users\Robin\AppData\Local\Temp/ccDdlN0Q.s:4      *ABS*:0000003e __SP_H__
C:\Users\Robin\AppData\Local\Temp/ccDdlN0Q.s:5      *ABS*:0000003d __SP_L__
C:\Users\Robin\AppData\Local\Temp/ccDdlN0Q.s:6      *ABS*:00000000 __tmp_reg__
C:\Users\Robin\AppData\Local\Temp/ccDdlN0Q.s:7      *ABS*:00000001 __zero_reg__
C:\Users\Robin\AppData\Local\Temp/ccDdlN0Q.s:13     .text:00000000 SysInitIO
C:\Users\Robin\AppData\Local\Temp/ccDdlN0Q.s:51     .text:0000003a NutAppMain
C:\Users\Robin\AppData\Local\Temp/ccDdlN0Q.s:184    .progmem.data:0000001a __c.2551
C:\Users\Robin\AppData\Local\Temp/ccDdlN0Q.s:180    .progmem.data:00000000 __c.2553
C:\Users\Robin\AppData\Local\Temp/ccDdlN0Q.s:167    .text:00000134 SysMainBeatInterrupt

UNDEFINED SYMBOLS
__do_copy_data
__do_clear_bss
WatchDogDisable
NutDelay
SPIinit
LedInit
LcdLowLevelInit
Uart0DriverInit
Uart0DriverStart
LogInit
LogMsg_P
CardInit
X12Init
X12RtcGetClock
At45dbInit
RcInit
KbInit
sig_OVERFLOW0
NutRegisterIrqHandler
NutThreadSetPriority
NutSleep
KbGetKey
LcdBackLight
WatchDogRestart
KbScan
CardCheckCard
